../Core/Src/main.c:111:5:main	1
../Core/Src/main.c:168:6:SystemClock_Config	4
../Core/Src/main.c:229:13:MX_SPI1_Init	2
../Core/Src/main.c:268:13:MX_TIM1_Init	6
../Core/Src/main.c:328:13:MX_TIM6_Init	3
../Core/Src/main.c:366:13:MX_TIM7_Init	3
../Core/Src/main.c:404:13:MX_TIM16_Init	2
../Core/Src/main.c:436:13:MX_USART2_UART_Init	2
../Core/Src/main.c:471:13:MX_GPIO_Init	1
../Core/Src/main.c:509:6:delay_uS	2
../Core/Src/main.c:518:6:HCSR04_Read	1
../Core/Src/main.c:525:6:HAL_TIM_PeriodElapsedCallback	7
../Core/Src/main.c:564:6:HAL_TIM_IC_CaptureCallback	4
../Core/Src/main.c:585:6:HAL_SPI_RxCpltCallback	3
../Core/Src/main.c:606:6:HAL_UART_RxCpltCallback	6
../Core/Src/main.c:668:6:Error_Handler	1
