../Core/Src/main.c:111:5:main	8	static
../Core/Src/main.c:168:6:SystemClock_Config	96	static
../Core/Src/main.c:229:13:MX_SPI1_Init	8	static
../Core/Src/main.c:268:13:MX_TIM1_Init	56	static
../Core/Src/main.c:328:13:MX_TIM6_Init	24	static
../Core/Src/main.c:366:13:MX_TIM7_Init	24	static
../Core/Src/main.c:404:13:MX_TIM16_Init	8	static
../Core/Src/main.c:436:13:MX_USART2_UART_Init	8	static
../Core/Src/main.c:471:13:MX_GPIO_Init	40	static
../Core/Src/main.c:509:6:delay_uS	16	static
../Core/Src/main.c:518:6:HCSR04_Read	8	static
../Core/Src/main.c:525:6:HAL_TIM_PeriodElapsedCallback	16	static
../Core/Src/main.c:564:6:HAL_TIM_IC_CaptureCallback	16	static
../Core/Src/main.c:585:6:HAL_SPI_RxCpltCallback	16	static
../Core/Src/main.c:606:6:HAL_UART_RxCpltCallback	16	static
../Core/Src/main.c:668:6:Error_Handler	4	static,ignoring_inline_asm
