../Core/Src/main.c:119:5:main	1
../Core/Src/main.c:176:6:SystemClock_Config	4
../Core/Src/main.c:237:13:MX_SPI1_Init	2
../Core/Src/main.c:276:13:MX_TIM1_Init	6
../Core/Src/main.c:336:13:MX_TIM6_Init	3
../Core/Src/main.c:374:13:MX_TIM7_Init	3
../Core/Src/main.c:412:13:MX_TIM16_Init	2
../Core/Src/main.c:444:13:MX_USART2_UART_Init	2
../Core/Src/main.c:479:13:MX_GPIO_Init	1
../Core/Src/main.c:517:6:delay_uS	2
../Core/Src/main.c:526:6:HCSR04_Read	1
../Core/Src/main.c:533:6:HAL_TIM_PeriodElapsedCallback	7
../Core/Src/main.c:572:6:HAL_TIM_IC_CaptureCallback	4
../Core/Src/main.c:593:10:moving_average_filter	3
../Core/Src/main.c:615:6:HAL_SPI_RxCpltCallback	3
../Core/Src/main.c:638:6:HAL_UART_RxCpltCallback	6
../Core/Src/main.c:700:6:Error_Handler	1
