../Core/Src/main.c:119:5:main	8	static
../Core/Src/main.c:176:6:SystemClock_Config	96	static
../Core/Src/main.c:237:13:MX_SPI1_Init	8	static
../Core/Src/main.c:276:13:MX_TIM1_Init	56	static
../Core/Src/main.c:336:13:MX_TIM6_Init	24	static
../Core/Src/main.c:374:13:MX_TIM7_Init	24	static
../Core/Src/main.c:412:13:MX_TIM16_Init	8	static
../Core/Src/main.c:444:13:MX_USART2_UART_Init	8	static
../Core/Src/main.c:479:13:MX_GPIO_Init	40	static
../Core/Src/main.c:517:6:delay_uS	16	static
../Core/Src/main.c:526:6:HCSR04_Read	8	static
../Core/Src/main.c:533:6:HAL_TIM_PeriodElapsedCallback	16	static
../Core/Src/main.c:572:6:HAL_TIM_IC_CaptureCallback	16	static
../Core/Src/main.c:593:10:moving_average_filter	16	static
../Core/Src/main.c:615:6:HAL_SPI_RxCpltCallback	16	static
../Core/Src/main.c:638:6:HAL_UART_RxCpltCallback	16	static
../Core/Src/main.c:700:6:Error_Handler	4	static,ignoring_inline_asm
