../Core/Src/main.c:78:5:main	8	static
../Core/Src/main.c:126:6:SystemClock_Config	96	static
../Core/Src/main.c:187:13:MX_ADC1_Init	32	static
../Core/Src/main.c:245:13:MX_SPI1_Init	8	static
../Core/Src/main.c:285:13:MX_TIM7_Init	24	static
../Core/Src/main.c:323:13:MX_GPIO_Init	40	static
../Core/Src/main.c:367:6:HAL_TIM_PeriodElapsedCallback	16	static
../Core/Src/main.c:376:6:HAL_ADC_ConvCpltCallback	16	static
../Core/Src/main.c:397:6:HAL_SPI_TxCpltCallback	16	static
../Core/Src/main.c:406:6:HAL_SPI_ErrorCallback	16	static
../Core/Src/main.c:419:6:Error_Handler	4	static,ignoring_inline_asm
